封存頁數: 37
   https://www.tpetkd.org.tw/副本-國內消息-113九月份
   https://www.tpetkd.org.tw/副本-國內消息
   https://www.tpetkd.org.tw/副本-國內消息-九月份
   https://www.tpetkd.org.tw/副本-國內消息-十一月份
   https://www.tpetkd.org.tw/副本-國內消息-十二月份
   https://www.tpetkd.org.tw/副本-國內消息-十月份
   https://www.tpetkd.org.tw/副本-國內消息-1
   https://www.tpetkd.org.tw/副本-國內消息-10
   https://www.tpetkd.org.tw/副本-國內消息-11
   https://www.tpetkd.org.tw/副本-國內消息-112一月份
   https://www.tpetkd.org.tw/副本-國內消息-112一月份-1
   https://www.tpetkd.org.tw/副本-國內消息-112一月份-2
   https://www.tpetkd.org.tw/副本-國內消息-112七月份-2
   https://www.tpetkd.org.tw/副本-國內消息-112三月份
   https://www.tpetkd.org.tw/副本-國內消息-112九月份
   https://www.tpetkd.org.tw/副本-國內消息-112二月份
   https://www.tpetkd.org.tw/副本-國內消息-112五月份
   https://www.tpetkd.org.tw/副本-國內消息-112八月份更
   https://www.tpetkd.org.tw/副本-國內消息-112十一月份
   https://www.tpetkd.org.tw/副本-國內消息-112十月份
   https://www.tpetkd.org.tw/副本-國內消息-112四月份
   https://www.tpetkd.org.tw/副本-國內消息-113一月份
   https://www.tpetkd.org.tw/副本-國內消息-113九月份
   https://www.tpetkd.org.tw/副本-國內消息-113二月份
   https://www.tpetkd.org.tw/副本-國內消息-113十月份
   https://www.tpetkd.org.tw/副本-國內消息-114七月份
   https://www.tpetkd.org.tw/副本-國內消息-12
   https://www.tpetkd.org.tw/副本-國內消息-13
   https://www.tpetkd.org.tw/副本-國內消息-14
   https://www.tpetkd.org.tw/副本-國內消息-2
   https://www.tpetkd.org.tw/副本-國內消息-3
   https://www.tpetkd.org.tw/副本-國內消息-4
   https://www.tpetkd.org.tw/副本-國內消息-5
   https://www.tpetkd.org.tw/副本-國內消息-6
   https://www.tpetkd.org.tw/副本-國內消息-7
   https://www.tpetkd.org.tw/副本-國內消息-8
   https://www.tpetkd.org.tw/副本-國內消息-9
TIMEOUT at archives
貼文總數: 137
目標貼文: 20
   026-09-07 【競賽組】賽事資訊📣-115年第30屆全國青少年跆拳道錦標賽 | tpetkd.org.tw/di-fang-xiao-xi/【競賽組】賽事資訊📣-115年第30屆全國青少年跆拳道錦標賽
   2026-08-21 【競賽組】開放報名-115年第23屆總統盃全國跆拳道錦標賽 | .tpetkd.org.tw/di-fang-xiao-xi/【競賽組】開放報名-115年第23屆總統盃全國跆拳道錦標賽
   2026-07-29 【競賽組】開放報名-115年30屆全國青少年跆拳道錦標賽 | w.tpetkd.org.tw/di-fang-xiao-xi/【競賽組】開放報名-115年30屆全國青少年跆拳道錦標賽
   2026-06-26  【競賽組】賽事資訊📣-115年第18屆全國跆拳道品勢錦標賽0710更 | .tpetkd.org.tw/di-fang-xiao-xi/【競賽組】賽事資訊📣-115年第18屆全國跆拳道品勢錦標賽
   2026-06-09 【競賽組】賽事資訊📣-115年第33屆全國少年跆拳道錦標賽0612更 | .tpetkd.org.tw/di-fang-xiao-xi/【競賽組】賽事資訊📣-115年第33屆全國少年跆拳道錦標賽
   2026-05-26  【競賽組】開放報名-115年第十八屆全國跆拳道品勢錦標賽 | w.tpetkd.org.tw/di-fang-xiao-xi/【競賽組】開放報名-115年第十八屆全國跆拳道品勢錦標賽
   2026-05-05  【競賽組】開放報名-2026世界跆拳道品勢錦標賽國家代表隊選拔賽 | etkd.org.tw/di-fang-xiao-xi/【競賽組】開放報名-2026世界跆拳道品勢錦標賽國家代表隊選拔賽
   2026-04-24【重要公告】兒童及少年保護事件通報處理流程 | ps://www.tpetkd.org.tw/di-fang-xiao-xi/【重要公告】兒童及少年保護事件通報處理流程
   2026-03-31 【競賽組】開放報名-115年第33屆全國少年跆拳道錦標賽 | w.tpetkd.org.tw/di-fang-xiao-xi/【競賽組】開放報名-115年第33屆全國少年跆拳道錦標賽
   2025-10-07 【競賽組】賽事資訊📣-114年第22屆全國總統盃跆拳道錦標賽 | tpetkd.org.tw/di-fang-xiao-xi/【競賽組】賽事資訊📣-114年第22屆全國總統盃跆拳道錦標賽
   2025-09-01 【競賽組】開放報名-114年第22屆總統盃全國跆拳道錦標賽 1003更 | .tpetkd.org.tw/di-fang-xiao-xi/【競賽組】開放報名-114年第22屆總統盃全國跆拳道錦標賽
   【競賽組】開放報名-中華民國114年第三十二屆全國少年跆拳道錦標賽 | tkd.org.tw/di-fang-xiao-xi/【競賽組】開放報名-中華民國114年第三十二屆全國少年跆拳道錦標賽
   【代轉訊息】教育部體育署「114年度兒童及少年運動教練知能（試辦）研習課程」 | rg.tw/di-fang-xiao-xi/【代轉訊息】教育部體育署「114年度兒童及少年運動教練知能（試辦）研習課程」
   【競賽組】賽事資訊📣-114年度培育優秀或具潛力運動選手及2025亞洲青少年、青年品勢國家代表隊選拔賽 | -xiao-xi/【競賽組】賽事資訊📣-114年度培育優秀或具潛力運動選手及2025亞洲青少年、青年品勢國家代表隊選拔賽
   【競賽組】公告112年全國品勢時間表及資料缺件名單 | /www.tpetkd.org.tw/di-fang-xiao-xi/【競賽組】公告112年全國品勢時間表及資料缺件名單
   【競賽組】112年度潛優暨2023亞洲青少年國家代表隊選拔-賽事相關資訊 | .org.tw/di-fang-xiao-xi/【競賽組】112年度潛優暨2023亞洲青少年國家代表隊選拔-賽事相關資訊
   2023-10-16  【競賽組】112年第二十屆總統盃全國跆拳道錦標賽-競賽資訊公告1108更 | petkd.org.tw/di-fang-xiao-xi/【競賽組】112年第二十屆總統盃全國跆拳道錦標賽-競賽資訊公告
   023-06-28    【競賽組】112年第二十七屆全國青少年跆拳道錦標賽-比賽資訊公告 | etkd.org.tw/di-fang-xiao-xi/【競賽組】112年第二十七屆全國青少年跆拳道錦標賽-比賽資訊公告
   2023-06-19    【競賽組】112年第十五屆全國跆拳道品勢錦標賽-開放報名 | w.tpetkd.org.tw/di-fang-xiao-xi/【競賽組】112年第十五屆全國跆拳道品勢錦標賽-開放報名
   2023-09-22  【競賽組】112年第二十屆總統盃全國跆拳道錦標賽-開放報名 | .tpetkd.org.tw/di-fang-xiao-xi/【競賽組】112年第二十屆總統盃全國跆拳道錦標賽-開放報名
TIMEOUT at posts
TIMEOUT at posts
TIMEOUT at posts
TIMEOUT at posts
TIMEOUT at posts
TIMEOUT at posts
TIMEOUT at posts
TIMEOUT at posts
TIMEOUT at posts
TIMEOUT at posts
TIMEOUT at posts
TIMEOUT at posts
TIMEOUT at posts
TIMEOUT at posts
TIMEOUT at posts
TIMEOUT at posts
TIMEOUT at posts
TIMEOUT at posts
TIMEOUT at posts
TIMEOUT at posts
DONE files: 30 fail: 31
